MPLINK 5.08, LINKER
Linker Map File - Created Thu Mar 22 23:42:47 2018

                                 Section Info
                  Section       Type    Address   Location Size(Bytes)
                ---------  ---------  ---------  ---------  ---------
                   .org_0       code   0x000000    program   0x000002
                   .cinit    romdata   0x000001    program   0x000004
                   .org_1       code   0x000004    program   0x0005a4



                              Program Memory Usage 
                               Start         End      
                           ---------   ---------      
                            0x000000    0x000002      
                            0x000004    0x0002d5      
            725 out of 8454 program addresses used, program memory utilization is 8%



                              Symbols - Sorted by Name
                     Name    Address   Location    Storage File                     
                ---------  ---------  ---------  --------- ---------                
                      A1E   0x000095    program     static C:\Users\acer\MPLABXProjects\COMPARATOR.X\COMPARATOR.asm
                      A1N   0x000089    program     static C:\Users\acer\MPLABXProjects\COMPARATOR.X\COMPARATOR.asm
                      A1S   0x0000a1    program     static C:\Users\acer\MPLABXProjects\COMPARATOR.X\COMPARATOR.asm
                      A1W   0x0000ad    program     static C:\Users\acer\MPLABXProjects\COMPARATOR.X\COMPARATOR.asm
                      A2E   0x000097    program     static C:\Users\acer\MPLABXProjects\COMPARATOR.X\COMPARATOR.asm
                      A2N   0x00008b    program     static C:\Users\acer\MPLABXProjects\COMPARATOR.X\COMPARATOR.asm
                      A2S   0x0000a3    program     static C:\Users\acer\MPLABXProjects\COMPARATOR.X\COMPARATOR.asm
                      A2W   0x0000af    program     static C:\Users\acer\MPLABXProjects\COMPARATOR.X\COMPARATOR.asm
                  ADC_OFF   0x000195    program     static C:\Users\acer\MPLABXProjects\COMPARATOR.X\COMPARATOR.asm
                   ADC_ON   0x000192    program     static C:\Users\acer\MPLABXProjects\COMPARATOR.X\COMPARATOR.asm
         ADDITION_OF_FOUR   0x000082    program     static C:\Users\acer\MPLABXProjects\COMPARATOR.X\COMPARATOR.asm
            ADDITION_ZERO   0x00007f    program     static C:\Users\acer\MPLABXProjects\COMPARATOR.X\COMPARATOR.asm
             CALCULATIONS   0x000078    program     static C:\Users\acer\MPLABXProjects\COMPARATOR.X\COMPARATOR.asm
             CHECK_POIT_0   0x0001e4    program     static C:\Users\acer\MPLABXProjects\COMPARATOR.X\COMPARATOR.asm
            CHECK_POIT_0H   0x0001c8    program     static C:\Users\acer\MPLABXProjects\COMPARATOR.X\COMPARATOR.asm
             CHECK_POIT_1   0x0001e1    program     static C:\Users\acer\MPLABXProjects\COMPARATOR.X\COMPARATOR.asm
            CHECK_POIT_1H   0x0001c3    program     static C:\Users\acer\MPLABXProjects\COMPARATOR.X\COMPARATOR.asm
             CHECK_POIT_2   0x0001de    program     static C:\Users\acer\MPLABXProjects\COMPARATOR.X\COMPARATOR.asm
            CHECK_POIT_2H   0x0001be    program     static C:\Users\acer\MPLABXProjects\COMPARATOR.X\COMPARATOR.asm
                  COMPARE   0x000011    program     static C:\Users\acer\MPLABXProjects\COMPARATOR.X\COMPARATOR.asm
         COMPARE_SETTINGS   0x000070    program     static C:\Users\acer\MPLABXProjects\COMPARATOR.X\COMPARATOR.asm
              COMPARISION   0x00001b    program     static C:\Users\acer\MPLABXProjects\COMPARATOR.X\COMPARATOR.asm
      CONFIG_ADC_INTERUPT   0x000198    program     static C:\Users\acer\MPLABXProjects\COMPARATOR.X\COMPARATOR.asm
        CONFIG_ADC_MODULE   0x000173    program     static C:\Users\acer\MPLABXProjects\COMPARATOR.X\COMPARATOR.asm
              DELAY_50_MS   0x0002ac    program     static C:\Users\acer\MPLABXProjects\COMPARATOR.X\COMPARATOR.asm
                       ED   0x000023    program     static C:\Users\acer\MPLABXProjects\COMPARATOR.X\COMPARATOR.asm
             ENABLE_PULSE   0x0002a8    program     static C:\Users\acer\MPLABXProjects\COMPARATOR.X\COMPARATOR.asm
                 ENDZ_CMP   0x00006f    program     static C:\Users\acer\MPLABXProjects\COMPARATOR.X\COMPARATOR.asm
                    END_2   0x000253    program     static C:\Users\acer\MPLABXProjects\COMPARATOR.X\COMPARATOR.asm
                    END_3   0x0001dd    program     static C:\Users\acer\MPLABXProjects\COMPARATOR.X\COMPARATOR.asm
                   END_3H   0x0001bd    program     static C:\Users\acer\MPLABXProjects\COMPARATOR.X\COMPARATOR.asm
            END_CONVERSON   0x0001a0    program     static C:\Users\acer\MPLABXProjects\COMPARATOR.X\COMPARATOR.asm
                       ES   0x000039    program     static C:\Users\acer\MPLABXProjects\COMPARATOR.X\COMPARATOR.asm
                  FIND_K0   0x0001d8    program     static C:\Users\acer\MPLABXProjects\COMPARATOR.X\COMPARATOR.asm
                  FIND_K1   0x0001d3    program     static C:\Users\acer\MPLABXProjects\COMPARATOR.X\COMPARATOR.asm
                  FIND_K2   0x0001ce    program     static C:\Users\acer\MPLABXProjects\COMPARATOR.X\COMPARATOR.asm
                 FIND_KH0   0x0001b8    program     static C:\Users\acer\MPLABXProjects\COMPARATOR.X\COMPARATOR.asm
                 FIND_KH1   0x0001b3    program     static C:\Users\acer\MPLABXProjects\COMPARATOR.X\COMPARATOR.asm
                 FIND_KH2   0x0001ae    program     static C:\Users\acer\MPLABXProjects\COMPARATOR.X\COMPARATOR.asm
               GET_VALUES   0x000143    program     static C:\Users\acer\MPLABXProjects\COMPARATOR.X\COMPARATOR.asm
                 GET_ZERO   0x000112    program     static C:\Users\acer\MPLABXProjects\COMPARATOR.X\COMPARATOR.asm
                GO_BANK_0   0x00029c    program     static C:\Users\acer\MPLABXProjects\COMPARATOR.X\COMPARATOR.asm
                GO_BANK_1   0x00029f    program     static C:\Users\acer\MPLABXProjects\COMPARATOR.X\COMPARATOR.asm
                GO_BANK_2   0x0002a2    program     static C:\Users\acer\MPLABXProjects\COMPARATOR.X\COMPARATOR.asm
                GO_BANK_3   0x0002a5    program     static C:\Users\acer\MPLABXProjects\COMPARATOR.X\COMPARATOR.asm
      IC_INTERRUPT_CONFIG   0x000296    program     static C:\Users\acer\MPLABXProjects\COMPARATOR.X\COMPARATOR.asm
           INITIALIZE_ADC   0x00016e    program     static C:\Users\acer\MPLABXProjects\COMPARATOR.X\COMPARATOR.asm
   INITIALIZE_ADC_SETTING   0x000176    program     static C:\Users\acer\MPLABXProjects\COMPARATOR.X\COMPARATOR.asm
            INITIALIZE_IC   0x000289    program     static C:\Users\acer\MPLABXProjects\COMPARATOR.X\COMPARATOR.asm
           INITIALIZE_LCD   0x000254    program     static C:\Users\acer\MPLABXProjects\COMPARATOR.X\COMPARATOR.asm
                 K0_CHECK   0x0001f3    program     static C:\Users\acer\MPLABXProjects\COMPARATOR.X\COMPARATOR.asm
               K0_MIN_TEN   0x0001f8    program     static C:\Users\acer\MPLABXProjects\COMPARATOR.X\COMPARATOR.asm
             K0_PLUS_FIVE   0x0001ed    program     static C:\Users\acer\MPLABXProjects\COMPARATOR.X\COMPARATOR.asm
              K0_PLUS_ONE   0x0001e7    program     static C:\Users\acer\MPLABXProjects\COMPARATOR.X\COMPARATOR.asm
              K0_PLUS_SIX   0x0001f0    program     static C:\Users\acer\MPLABXProjects\COMPARATOR.X\COMPARATOR.asm
              K0_PLUS_TWO   0x0001ea    program     static C:\Users\acer\MPLABXProjects\COMPARATOR.X\COMPARATOR.asm
                 K1_CHECK   0x000208    program     static C:\Users\acer\MPLABXProjects\COMPARATOR.X\COMPARATOR.asm
               K1_MIN_TEN   0x00020d    program     static C:\Users\acer\MPLABXProjects\COMPARATOR.X\COMPARATOR.asm
             K1_PLUS_FIVE   0x000202    program     static C:\Users\acer\MPLABXProjects\COMPARATOR.X\COMPARATOR.asm
              K1_PLUS_ONE   0x0001fc    program     static C:\Users\acer\MPLABXProjects\COMPARATOR.X\COMPARATOR.asm
              K1_PLUS_SIX   0x000205    program     static C:\Users\acer\MPLABXProjects\COMPARATOR.X\COMPARATOR.asm
              K1_PLUS_TWO   0x0001ff    program     static C:\Users\acer\MPLABXProjects\COMPARATOR.X\COMPARATOR.asm
                 K2_CHECK   0x00021d    program     static C:\Users\acer\MPLABXProjects\COMPARATOR.X\COMPARATOR.asm
               K2_MIN_TEN   0x000222    program     static C:\Users\acer\MPLABXProjects\COMPARATOR.X\COMPARATOR.asm
             K2_PLUS_FIVE   0x000217    program     static C:\Users\acer\MPLABXProjects\COMPARATOR.X\COMPARATOR.asm
              K2_PLUS_ONE   0x000211    program     static C:\Users\acer\MPLABXProjects\COMPARATOR.X\COMPARATOR.asm
              K2_PLUS_SIX   0x00021a    program     static C:\Users\acer\MPLABXProjects\COMPARATOR.X\COMPARATOR.asm
              K2_PLUS_TWO   0x000214    program     static C:\Users\acer\MPLABXProjects\COMPARATOR.X\COMPARATOR.asm
                 K3_CHECK   0x000232    program     static C:\Users\acer\MPLABXProjects\COMPARATOR.X\COMPARATOR.asm
               K3_MIN_TEN   0x000239    program     static C:\Users\acer\MPLABXProjects\COMPARATOR.X\COMPARATOR.asm
             K3_PLUS_FIVE   0x00022c    program     static C:\Users\acer\MPLABXProjects\COMPARATOR.X\COMPARATOR.asm
              K3_PLUS_ONE   0x000226    program     static C:\Users\acer\MPLABXProjects\COMPARATOR.X\COMPARATOR.asm
              K3_PLUS_SIX   0x00022f    program     static C:\Users\acer\MPLABXProjects\COMPARATOR.X\COMPARATOR.asm
              K3_PLUS_TWO   0x000229    program     static C:\Users\acer\MPLABXProjects\COMPARATOR.X\COMPARATOR.asm
                 K4_CHECK   0x000249    program     static C:\Users\acer\MPLABXProjects\COMPARATOR.X\COMPARATOR.asm
               K4_MIN_TEN   0x000250    program     static C:\Users\acer\MPLABXProjects\COMPARATOR.X\COMPARATOR.asm
             K4_PLUS_FIVE   0x000243    program     static C:\Users\acer\MPLABXProjects\COMPARATOR.X\COMPARATOR.asm
              K4_PLUS_ONE   0x00023d    program     static C:\Users\acer\MPLABXProjects\COMPARATOR.X\COMPARATOR.asm
              K4_PLUS_SIX   0x000246    program     static C:\Users\acer\MPLABXProjects\COMPARATOR.X\COMPARATOR.asm
              K4_PLUS_TWO   0x000240    program     static C:\Users\acer\MPLABXProjects\COMPARATOR.X\COMPARATOR.asm
         K_VALUES_TO_ZERO   0x0001a2    program     static C:\Users\acer\MPLABXProjects\COMPARATOR.X\COMPARATOR.asm
                   LOOP_E   0x000120    program     static C:\Users\acer\MPLABXProjects\COMPARATOR.X\COMPARATOR.asm
                  LOOP_EV   0x000151    program     static C:\Users\acer\MPLABXProjects\COMPARATOR.X\COMPARATOR.asm
                   LOOP_N   0x000114    program     static C:\Users\acer\MPLABXProjects\COMPARATOR.X\COMPARATOR.asm
                  LOOP_NV   0x000147    program     static C:\Users\acer\MPLABXProjects\COMPARATOR.X\COMPARATOR.asm
                   LOOP_S   0x00012c    program     static C:\Users\acer\MPLABXProjects\COMPARATOR.X\COMPARATOR.asm
                  LOOP_SV   0x00015b    program     static C:\Users\acer\MPLABXProjects\COMPARATOR.X\COMPARATOR.asm
                   LOOP_W   0x000138    program     static C:\Users\acer\MPLABXProjects\COMPARATOR.X\COMPARATOR.asm
                  LOOP_WV   0x000165    program     static C:\Users\acer\MPLABXProjects\COMPARATOR.X\COMPARATOR.asm
          MAKE_LCD_NUMBER   0x0002cc    program     static C:\Users\acer\MPLABXProjects\COMPARATOR.X\COMPARATOR.asm
                     Main   0x000005    program     static C:\Users\acer\MPLABXProjects\COMPARATOR.X\COMPARATOR.asm
                       NE   0x000027    program     static C:\Users\acer\MPLABXProjects\COMPARATOR.X\COMPARATOR.asm
                       NW   0x00004b    program     static C:\Users\acer\MPLABXProjects\COMPARATOR.X\COMPARATOR.asm
              PRINT_ANGLE   0x000013    program     static C:\Users\acer\MPLABXProjects\COMPARATOR.X\COMPARATOR.asm
               PRINT_CHAR   0x0002ce    program     static C:\Users\acer\MPLABXProjects\COMPARATOR.X\COMPARATOR.asm
                 PRINT_ER   0x00007b    program     static C:\Users\acer\MPLABXProjects\COMPARATOR.X\COMPARATOR.asm
           PRINT_K_VALUES   0x0002ba    program     static C:\Users\acer\MPLABXProjects\COMPARATOR.X\COMPARATOR.asm
           PRINT_SET_ZERO   0x0000fb    program     static C:\Users\acer\MPLABXProjects\COMPARATOR.X\COMPARATOR.asm
       PROCESS_HIGH_VALUE   0x0001ad    program     static C:\Users\acer\MPLABXProjects\COMPARATOR.X\COMPARATOR.asm
      PROCESS_LOWER_VALUE   0x0001cd    program     static C:\Users\acer\MPLABXProjects\COMPARATOR.X\COMPARATOR.asm
           SET_ANALOG_CH0   0x000182    program     static C:\Users\acer\MPLABXProjects\COMPARATOR.X\COMPARATOR.asm
           SET_ANALOG_CH1   0x000186    program     static C:\Users\acer\MPLABXProjects\COMPARATOR.X\COMPARATOR.asm
           SET_ANALOG_CH2   0x00018a    program     static C:\Users\acer\MPLABXProjects\COMPARATOR.X\COMPARATOR.asm
           SET_ANALOG_CH3   0x00018e    program     static C:\Users\acer\MPLABXProjects\COMPARATOR.X\COMPARATOR.asm
       SET_VALUES_TO_ZERO   0x0000e5    program     static C:\Users\acer\MPLABXProjects\COMPARATOR.X\COMPARATOR.asm
                 SET_ZERO   0x0000f6    program     static C:\Users\acer\MPLABXProjects\COMPARATOR.X\COMPARATOR.asm
          START_CONVERSON   0x00019d    program     static C:\Users\acer\MPLABXProjects\COMPARATOR.X\COMPARATOR.asm
                SUBSTRACT   0x0000ba    program     static C:\Users\acer\MPLABXProjects\COMPARATOR.X\COMPARATOR.asm
              SUBSTRACT_E   0x0000ca    program     static C:\Users\acer\MPLABXProjects\COMPARATOR.X\COMPARATOR.asm
              SUBSTRACT_N   0x0000c1    program     static C:\Users\acer\MPLABXProjects\COMPARATOR.X\COMPARATOR.asm
              SUBSTRACT_S   0x0000d3    program     static C:\Users\acer\MPLABXProjects\COMPARATOR.X\COMPARATOR.asm
              SUBSTRACT_W   0x0000dc    program     static C:\Users\acer\MPLABXProjects\COMPARATOR.X\COMPARATOR.asm
                       SW   0x00005d    program     static C:\Users\acer\MPLABXProjects\COMPARATOR.X\COMPARATOR.asm
                        T   0x00000a    program     static C:\Users\acer\MPLABXProjects\COMPARATOR.X\COMPARATOR.asm
                      T2E   0x000099    program     static C:\Users\acer\MPLABXProjects\COMPARATOR.X\COMPARATOR.asm
                      T2N   0x00008d    program     static C:\Users\acer\MPLABXProjects\COMPARATOR.X\COMPARATOR.asm
                      T2S   0x0000a5    program     static C:\Users\acer\MPLABXProjects\COMPARATOR.X\COMPARATOR.asm
                      T2W   0x0000b1    program     static C:\Users\acer\MPLABXProjects\COMPARATOR.X\COMPARATOR.asm
                     WAIT   0x0002d1    program     static C:\Users\acer\MPLABXProjects\COMPARATOR.X\COMPARATOR.asm
                       WD   0x00001f    program     static C:\Users\acer\MPLABXProjects\COMPARATOR.X\COMPARATOR.asm
                        X   0x00007c    program     static C:\Users\acer\MPLABXProjects\COMPARATOR.X\COMPARATOR.asm
             dataSendMode   0x000260    program     static C:\Users\acer\MPLABXProjects\COMPARATOR.X\COMPARATOR.asm
             displayClear   0x00026d    program     static C:\Users\acer\MPLABXProjects\COMPARATOR.X\COMPARATOR.asm
          instructionMode   0x00025c    program     static C:\Users\acer\MPLABXProjects\COMPARATOR.X\COMPARATOR.asm
          setDisplayOnOff   0x000268    program     static C:\Users\acer\MPLABXProjects\COMPARATOR.X\COMPARATOR.asm
           setEntryModule   0x000273    program     static C:\Users\acer\MPLABXProjects\COMPARATOR.X\COMPARATOR.asm
             setFunctions   0x000262    program     static C:\Users\acer\MPLABXProjects\COMPARATOR.X\COMPARATOR.asm
        set_CGRAM_address   0x000278    program     static C:\Users\acer\MPLABXProjects\COMPARATOR.X\COMPARATOR.asm
set_DDRAM_address_to_line1   0x00027d    program     static C:\Users\acer\MPLABXProjects\COMPARATOR.X\COMPARATOR.asm
set_DDRAM_address_to_line2   0x000283    program     static C:\Users\acer\MPLABXProjects\COMPARATOR.X\COMPARATOR.asm
              writeOnDisp   0x0002af    program     static C:\Users\acer\MPLABXProjects\COMPARATOR.X\COMPARATOR.asm



                              Symbols - Sorted by Address
                     Name    Address   Location    Storage File                     
                ---------  ---------  ---------  --------- ---------                
                     Main   0x000005    program     static C:\Users\acer\MPLABXProjects\COMPARATOR.X\COMPARATOR.asm
                        T   0x00000a    program     static C:\Users\acer\MPLABXProjects\COMPARATOR.X\COMPARATOR.asm
                  COMPARE   0x000011    program     static C:\Users\acer\MPLABXProjects\COMPARATOR.X\COMPARATOR.asm
              PRINT_ANGLE   0x000013    program     static C:\Users\acer\MPLABXProjects\COMPARATOR.X\COMPARATOR.asm
              COMPARISION   0x00001b    program     static C:\Users\acer\MPLABXProjects\COMPARATOR.X\COMPARATOR.asm
                       WD   0x00001f    program     static C:\Users\acer\MPLABXProjects\COMPARATOR.X\COMPARATOR.asm
                       ED   0x000023    program     static C:\Users\acer\MPLABXProjects\COMPARATOR.X\COMPARATOR.asm
                       NE   0x000027    program     static C:\Users\acer\MPLABXProjects\COMPARATOR.X\COMPARATOR.asm
                       ES   0x000039    program     static C:\Users\acer\MPLABXProjects\COMPARATOR.X\COMPARATOR.asm
                       NW   0x00004b    program     static C:\Users\acer\MPLABXProjects\COMPARATOR.X\COMPARATOR.asm
                       SW   0x00005d    program     static C:\Users\acer\MPLABXProjects\COMPARATOR.X\COMPARATOR.asm
                 ENDZ_CMP   0x00006f    program     static C:\Users\acer\MPLABXProjects\COMPARATOR.X\COMPARATOR.asm
         COMPARE_SETTINGS   0x000070    program     static C:\Users\acer\MPLABXProjects\COMPARATOR.X\COMPARATOR.asm
             CALCULATIONS   0x000078    program     static C:\Users\acer\MPLABXProjects\COMPARATOR.X\COMPARATOR.asm
                 PRINT_ER   0x00007b    program     static C:\Users\acer\MPLABXProjects\COMPARATOR.X\COMPARATOR.asm
                        X   0x00007c    program     static C:\Users\acer\MPLABXProjects\COMPARATOR.X\COMPARATOR.asm
            ADDITION_ZERO   0x00007f    program     static C:\Users\acer\MPLABXProjects\COMPARATOR.X\COMPARATOR.asm
         ADDITION_OF_FOUR   0x000082    program     static C:\Users\acer\MPLABXProjects\COMPARATOR.X\COMPARATOR.asm
                      A1N   0x000089    program     static C:\Users\acer\MPLABXProjects\COMPARATOR.X\COMPARATOR.asm
                      A2N   0x00008b    program     static C:\Users\acer\MPLABXProjects\COMPARATOR.X\COMPARATOR.asm
                      T2N   0x00008d    program     static C:\Users\acer\MPLABXProjects\COMPARATOR.X\COMPARATOR.asm
                      A1E   0x000095    program     static C:\Users\acer\MPLABXProjects\COMPARATOR.X\COMPARATOR.asm
                      A2E   0x000097    program     static C:\Users\acer\MPLABXProjects\COMPARATOR.X\COMPARATOR.asm
                      T2E   0x000099    program     static C:\Users\acer\MPLABXProjects\COMPARATOR.X\COMPARATOR.asm
                      A1S   0x0000a1    program     static C:\Users\acer\MPLABXProjects\COMPARATOR.X\COMPARATOR.asm
                      A2S   0x0000a3    program     static C:\Users\acer\MPLABXProjects\COMPARATOR.X\COMPARATOR.asm
                      T2S   0x0000a5    program     static C:\Users\acer\MPLABXProjects\COMPARATOR.X\COMPARATOR.asm
                      A1W   0x0000ad    program     static C:\Users\acer\MPLABXProjects\COMPARATOR.X\COMPARATOR.asm
                      A2W   0x0000af    program     static C:\Users\acer\MPLABXProjects\COMPARATOR.X\COMPARATOR.asm
                      T2W   0x0000b1    program     static C:\Users\acer\MPLABXProjects\COMPARATOR.X\COMPARATOR.asm
                SUBSTRACT   0x0000ba    program     static C:\Users\acer\MPLABXProjects\COMPARATOR.X\COMPARATOR.asm
              SUBSTRACT_N   0x0000c1    program     static C:\Users\acer\MPLABXProjects\COMPARATOR.X\COMPARATOR.asm
              SUBSTRACT_E   0x0000ca    program     static C:\Users\acer\MPLABXProjects\COMPARATOR.X\COMPARATOR.asm
              SUBSTRACT_S   0x0000d3    program     static C:\Users\acer\MPLABXProjects\COMPARATOR.X\COMPARATOR.asm
              SUBSTRACT_W   0x0000dc    program     static C:\Users\acer\MPLABXProjects\COMPARATOR.X\COMPARATOR.asm
       SET_VALUES_TO_ZERO   0x0000e5    program     static C:\Users\acer\MPLABXProjects\COMPARATOR.X\COMPARATOR.asm
                 SET_ZERO   0x0000f6    program     static C:\Users\acer\MPLABXProjects\COMPARATOR.X\COMPARATOR.asm
           PRINT_SET_ZERO   0x0000fb    program     static C:\Users\acer\MPLABXProjects\COMPARATOR.X\COMPARATOR.asm
                 GET_ZERO   0x000112    program     static C:\Users\acer\MPLABXProjects\COMPARATOR.X\COMPARATOR.asm
                   LOOP_N   0x000114    program     static C:\Users\acer\MPLABXProjects\COMPARATOR.X\COMPARATOR.asm
                   LOOP_E   0x000120    program     static C:\Users\acer\MPLABXProjects\COMPARATOR.X\COMPARATOR.asm
                   LOOP_S   0x00012c    program     static C:\Users\acer\MPLABXProjects\COMPARATOR.X\COMPARATOR.asm
                   LOOP_W   0x000138    program     static C:\Users\acer\MPLABXProjects\COMPARATOR.X\COMPARATOR.asm
               GET_VALUES   0x000143    program     static C:\Users\acer\MPLABXProjects\COMPARATOR.X\COMPARATOR.asm
                  LOOP_NV   0x000147    program     static C:\Users\acer\MPLABXProjects\COMPARATOR.X\COMPARATOR.asm
                  LOOP_EV   0x000151    program     static C:\Users\acer\MPLABXProjects\COMPARATOR.X\COMPARATOR.asm
                  LOOP_SV   0x00015b    program     static C:\Users\acer\MPLABXProjects\COMPARATOR.X\COMPARATOR.asm
                  LOOP_WV   0x000165    program     static C:\Users\acer\MPLABXProjects\COMPARATOR.X\COMPARATOR.asm
           INITIALIZE_ADC   0x00016e    program     static C:\Users\acer\MPLABXProjects\COMPARATOR.X\COMPARATOR.asm
        CONFIG_ADC_MODULE   0x000173    program     static C:\Users\acer\MPLABXProjects\COMPARATOR.X\COMPARATOR.asm
   INITIALIZE_ADC_SETTING   0x000176    program     static C:\Users\acer\MPLABXProjects\COMPARATOR.X\COMPARATOR.asm
           SET_ANALOG_CH0   0x000182    program     static C:\Users\acer\MPLABXProjects\COMPARATOR.X\COMPARATOR.asm
           SET_ANALOG_CH1   0x000186    program     static C:\Users\acer\MPLABXProjects\COMPARATOR.X\COMPARATOR.asm
           SET_ANALOG_CH2   0x00018a    program     static C:\Users\acer\MPLABXProjects\COMPARATOR.X\COMPARATOR.asm
           SET_ANALOG_CH3   0x00018e    program     static C:\Users\acer\MPLABXProjects\COMPARATOR.X\COMPARATOR.asm
                   ADC_ON   0x000192    program     static C:\Users\acer\MPLABXProjects\COMPARATOR.X\COMPARATOR.asm
                  ADC_OFF   0x000195    program     static C:\Users\acer\MPLABXProjects\COMPARATOR.X\COMPARATOR.asm
      CONFIG_ADC_INTERUPT   0x000198    program     static C:\Users\acer\MPLABXProjects\COMPARATOR.X\COMPARATOR.asm
          START_CONVERSON   0x00019d    program     static C:\Users\acer\MPLABXProjects\COMPARATOR.X\COMPARATOR.asm
            END_CONVERSON   0x0001a0    program     static C:\Users\acer\MPLABXProjects\COMPARATOR.X\COMPARATOR.asm
         K_VALUES_TO_ZERO   0x0001a2    program     static C:\Users\acer\MPLABXProjects\COMPARATOR.X\COMPARATOR.asm
       PROCESS_HIGH_VALUE   0x0001ad    program     static C:\Users\acer\MPLABXProjects\COMPARATOR.X\COMPARATOR.asm
                 FIND_KH2   0x0001ae    program     static C:\Users\acer\MPLABXProjects\COMPARATOR.X\COMPARATOR.asm
                 FIND_KH1   0x0001b3    program     static C:\Users\acer\MPLABXProjects\COMPARATOR.X\COMPARATOR.asm
                 FIND_KH0   0x0001b8    program     static C:\Users\acer\MPLABXProjects\COMPARATOR.X\COMPARATOR.asm
                   END_3H   0x0001bd    program     static C:\Users\acer\MPLABXProjects\COMPARATOR.X\COMPARATOR.asm
            CHECK_POIT_2H   0x0001be    program     static C:\Users\acer\MPLABXProjects\COMPARATOR.X\COMPARATOR.asm
            CHECK_POIT_1H   0x0001c3    program     static C:\Users\acer\MPLABXProjects\COMPARATOR.X\COMPARATOR.asm
            CHECK_POIT_0H   0x0001c8    program     static C:\Users\acer\MPLABXProjects\COMPARATOR.X\COMPARATOR.asm
      PROCESS_LOWER_VALUE   0x0001cd    program     static C:\Users\acer\MPLABXProjects\COMPARATOR.X\COMPARATOR.asm
                  FIND_K2   0x0001ce    program     static C:\Users\acer\MPLABXProjects\COMPARATOR.X\COMPARATOR.asm
                  FIND_K1   0x0001d3    program     static C:\Users\acer\MPLABXProjects\COMPARATOR.X\COMPARATOR.asm
                  FIND_K0   0x0001d8    program     static C:\Users\acer\MPLABXProjects\COMPARATOR.X\COMPARATOR.asm
                    END_3   0x0001dd    program     static C:\Users\acer\MPLABXProjects\COMPARATOR.X\COMPARATOR.asm
             CHECK_POIT_2   0x0001de    program     static C:\Users\acer\MPLABXProjects\COMPARATOR.X\COMPARATOR.asm
             CHECK_POIT_1   0x0001e1    program     static C:\Users\acer\MPLABXProjects\COMPARATOR.X\COMPARATOR.asm
             CHECK_POIT_0   0x0001e4    program     static C:\Users\acer\MPLABXProjects\COMPARATOR.X\COMPARATOR.asm
              K0_PLUS_ONE   0x0001e7    program     static C:\Users\acer\MPLABXProjects\COMPARATOR.X\COMPARATOR.asm
              K0_PLUS_TWO   0x0001ea    program     static C:\Users\acer\MPLABXProjects\COMPARATOR.X\COMPARATOR.asm
             K0_PLUS_FIVE   0x0001ed    program     static C:\Users\acer\MPLABXProjects\COMPARATOR.X\COMPARATOR.asm
              K0_PLUS_SIX   0x0001f0    program     static C:\Users\acer\MPLABXProjects\COMPARATOR.X\COMPARATOR.asm
                 K0_CHECK   0x0001f3    program     static C:\Users\acer\MPLABXProjects\COMPARATOR.X\COMPARATOR.asm
               K0_MIN_TEN   0x0001f8    program     static C:\Users\acer\MPLABXProjects\COMPARATOR.X\COMPARATOR.asm
              K1_PLUS_ONE   0x0001fc    program     static C:\Users\acer\MPLABXProjects\COMPARATOR.X\COMPARATOR.asm
              K1_PLUS_TWO   0x0001ff    program     static C:\Users\acer\MPLABXProjects\COMPARATOR.X\COMPARATOR.asm
             K1_PLUS_FIVE   0x000202    program     static C:\Users\acer\MPLABXProjects\COMPARATOR.X\COMPARATOR.asm
              K1_PLUS_SIX   0x000205    program     static C:\Users\acer\MPLABXProjects\COMPARATOR.X\COMPARATOR.asm
                 K1_CHECK   0x000208    program     static C:\Users\acer\MPLABXProjects\COMPARATOR.X\COMPARATOR.asm
               K1_MIN_TEN   0x00020d    program     static C:\Users\acer\MPLABXProjects\COMPARATOR.X\COMPARATOR.asm
              K2_PLUS_ONE   0x000211    program     static C:\Users\acer\MPLABXProjects\COMPARATOR.X\COMPARATOR.asm
              K2_PLUS_TWO   0x000214    program     static C:\Users\acer\MPLABXProjects\COMPARATOR.X\COMPARATOR.asm
             K2_PLUS_FIVE   0x000217    program     static C:\Users\acer\MPLABXProjects\COMPARATOR.X\COMPARATOR.asm
              K2_PLUS_SIX   0x00021a    program     static C:\Users\acer\MPLABXProjects\COMPARATOR.X\COMPARATOR.asm
                 K2_CHECK   0x00021d    program     static C:\Users\acer\MPLABXProjects\COMPARATOR.X\COMPARATOR.asm
               K2_MIN_TEN   0x000222    program     static C:\Users\acer\MPLABXProjects\COMPARATOR.X\COMPARATOR.asm
              K3_PLUS_ONE   0x000226    program     static C:\Users\acer\MPLABXProjects\COMPARATOR.X\COMPARATOR.asm
              K3_PLUS_TWO   0x000229    program     static C:\Users\acer\MPLABXProjects\COMPARATOR.X\COMPARATOR.asm
             K3_PLUS_FIVE   0x00022c    program     static C:\Users\acer\MPLABXProjects\COMPARATOR.X\COMPARATOR.asm
              K3_PLUS_SIX   0x00022f    program     static C:\Users\acer\MPLABXProjects\COMPARATOR.X\COMPARATOR.asm
                 K3_CHECK   0x000232    program     static C:\Users\acer\MPLABXProjects\COMPARATOR.X\COMPARATOR.asm
               K3_MIN_TEN   0x000239    program     static C:\Users\acer\MPLABXProjects\COMPARATOR.X\COMPARATOR.asm
              K4_PLUS_ONE   0x00023d    program     static C:\Users\acer\MPLABXProjects\COMPARATOR.X\COMPARATOR.asm
              K4_PLUS_TWO   0x000240    program     static C:\Users\acer\MPLABXProjects\COMPARATOR.X\COMPARATOR.asm
             K4_PLUS_FIVE   0x000243    program     static C:\Users\acer\MPLABXProjects\COMPARATOR.X\COMPARATOR.asm
              K4_PLUS_SIX   0x000246    program     static C:\Users\acer\MPLABXProjects\COMPARATOR.X\COMPARATOR.asm
                 K4_CHECK   0x000249    program     static C:\Users\acer\MPLABXProjects\COMPARATOR.X\COMPARATOR.asm
               K4_MIN_TEN   0x000250    program     static C:\Users\acer\MPLABXProjects\COMPARATOR.X\COMPARATOR.asm
                    END_2   0x000253    program     static C:\Users\acer\MPLABXProjects\COMPARATOR.X\COMPARATOR.asm
           INITIALIZE_LCD   0x000254    program     static C:\Users\acer\MPLABXProjects\COMPARATOR.X\COMPARATOR.asm
          instructionMode   0x00025c    program     static C:\Users\acer\MPLABXProjects\COMPARATOR.X\COMPARATOR.asm
             dataSendMode   0x000260    program     static C:\Users\acer\MPLABXProjects\COMPARATOR.X\COMPARATOR.asm
             setFunctions   0x000262    program     static C:\Users\acer\MPLABXProjects\COMPARATOR.X\COMPARATOR.asm
          setDisplayOnOff   0x000268    program     static C:\Users\acer\MPLABXProjects\COMPARATOR.X\COMPARATOR.asm
             displayClear   0x00026d    program     static C:\Users\acer\MPLABXProjects\COMPARATOR.X\COMPARATOR.asm
           setEntryModule   0x000273    program     static C:\Users\acer\MPLABXProjects\COMPARATOR.X\COMPARATOR.asm
        set_CGRAM_address   0x000278    program     static C:\Users\acer\MPLABXProjects\COMPARATOR.X\COMPARATOR.asm
set_DDRAM_address_to_line1   0x00027d    program     static C:\Users\acer\MPLABXProjects\COMPARATOR.X\COMPARATOR.asm
set_DDRAM_address_to_line2   0x000283    program     static C:\Users\acer\MPLABXProjects\COMPARATOR.X\COMPARATOR.asm
            INITIALIZE_IC   0x000289    program     static C:\Users\acer\MPLABXProjects\COMPARATOR.X\COMPARATOR.asm
      IC_INTERRUPT_CONFIG   0x000296    program     static C:\Users\acer\MPLABXProjects\COMPARATOR.X\COMPARATOR.asm
                GO_BANK_0   0x00029c    program     static C:\Users\acer\MPLABXProjects\COMPARATOR.X\COMPARATOR.asm
                GO_BANK_1   0x00029f    program     static C:\Users\acer\MPLABXProjects\COMPARATOR.X\COMPARATOR.asm
                GO_BANK_2   0x0002a2    program     static C:\Users\acer\MPLABXProjects\COMPARATOR.X\COMPARATOR.asm
                GO_BANK_3   0x0002a5    program     static C:\Users\acer\MPLABXProjects\COMPARATOR.X\COMPARATOR.asm
             ENABLE_PULSE   0x0002a8    program     static C:\Users\acer\MPLABXProjects\COMPARATOR.X\COMPARATOR.asm
              DELAY_50_MS   0x0002ac    program     static C:\Users\acer\MPLABXProjects\COMPARATOR.X\COMPARATOR.asm
              writeOnDisp   0x0002af    program     static C:\Users\acer\MPLABXProjects\COMPARATOR.X\COMPARATOR.asm
           PRINT_K_VALUES   0x0002ba    program     static C:\Users\acer\MPLABXProjects\COMPARATOR.X\COMPARATOR.asm
          MAKE_LCD_NUMBER   0x0002cc    program     static C:\Users\acer\MPLABXProjects\COMPARATOR.X\COMPARATOR.asm
               PRINT_CHAR   0x0002ce    program     static C:\Users\acer\MPLABXProjects\COMPARATOR.X\COMPARATOR.asm
                     WAIT   0x0002d1    program     static C:\Users\acer\MPLABXProjects\COMPARATOR.X\COMPARATOR.asm


